
Running 16 tests using 1 worker

  ✓   1 [smoke] › tests/smoke/connectivity.spec.ts:9:7 › OI UAT smoke › app root responds successfully (2.5s)
  ✓   2 [smoke] › tests/smoke/connectivity.spec.ts:15:7 › OI UAT smoke › page renders successfully (923ms)
  ✓   3 [setup] › tests/auth.setup.ts:14:6 › authenticate (12.4s)
  ✘   4 [chromium] › tests/e2e/oi/oi-factory-post.spec.ts:7:5 › ASO Factory POST flow (17.8s)
  ✘   5 [chromium] › tests/e2e/oi/oi-factory-post.spec.ts:7:5 › ASO Factory POST flow (retry #1) (17.9s)
  ✘   6 [chromium] › tests/e2e/oi/oi-factory-search.spec.ts:7:5 › ASO Factory Search flow (17.7s)
  ✘   7 [chromium] › tests/e2e/oi/oi-factory-search.spec.ts:7:5 › ASO Factory Search flow (retry #1) (17.9s)
  ✘   8 [chromium] › tests/e2e/oi/oi-forwarder-post.spec.ts:7:5 › ASO Forwarder POST flow (15.7s)
  ✘   9 [chromium] › tests/e2e/oi/oi-forwarder-post.spec.ts:7:5 › ASO Forwarder POST flow (retry #1) (15.8s)
  ✘  10 [chromium] › tests/e2e/oi/oi-forwarder-search.spec.ts:7:5 › ASO Forwarder Search flow (15.8s)
  ✘  11 [chromium] › tests/e2e/oi/oi-forwarder-search.spec.ts:7:5 › ASO Forwarder Search flow (retry #1) (15.8s)
Searching Item: ITM2509-011173
Save & Confirm completed
  ✘  12 [chromium] › tests/e2e/oi/oi-item-post.spec.ts:7:5 › ASO Item POST flow (31.3s)
Searching Item: ITM2509-011173
Save & Confirm completed
  ✘  13 [chromium] › tests/e2e/oi/oi-item-post.spec.ts:7:5 › ASO Item POST flow (retry #1) (33.9s)
Searching Item: ITM2509-011173
Item search completed
  ✓  14 [chromium] › tests/e2e/oi/oi-item-search.spec.ts:7:5 › ASO Item Search flow (16.3s)
Original SHA256: c08f5ef29cc26257174a9c27a4911904d2303faba6451021f766a3e90aa54565
  ✘  15 [chromium] › tests/e2e/oi/oi-share-file-post.spec.ts:11:5 › ASO Share File POST flow (18.7s)
Original SHA256: 223d3fe1ca66d1c426f711f3eb347a92a620a5c9a7fe98e1e237d4fe9b59217f
  ✘  16 [chromium] › tests/e2e/oi/oi-share-file-post.spec.ts:11:5 › ASO Share File POST flow (retry #1) (17.3s)
  ✘  17 [chromium] › tests/e2e/oi/oi-shipment-advice-post.spec.ts:7:5 › ASO Shipment Advice POST flow (15.9s)
  ✘  18 [chromium] › tests/e2e/oi/oi-shipment-advice-post.spec.ts:7:5 › ASO Shipment Advice POST flow (retry #1) (15.8s)
  ✘  19 [chromium] › tests/e2e/oi/oi-shipment-advice-search.spec.ts:7:5 › ASO Shipment Advice Search flow (22.9s)
  ✘  20 [chromium] › tests/e2e/oi/oi-shipment-advice-search.spec.ts:7:5 › ASO Shipment Advice Search flow (retry #1) (21.9s)
  ✘  21 [chromium] › tests/e2e/oi/oi-vendor-post.spec.ts:7:5 › ASO Vendor POST flow (19.7s)
  ✘  22 [chromium] › tests/e2e/oi/oi-vendor-post.spec.ts:7:5 › ASO Vendor POST flow (retry #1) (19.3s)
  ✘  23 [chromium] › tests/e2e/oi/oi-vendor-search.spec.ts:7:5 › ASO Vendor Search flow (18.7s)
  ✘  24 [chromium] › tests/e2e/oi/oi-vendor-search.spec.ts:7:5 › ASO Vendor Search flow (retry #1) (18.8s)
Copy flow completed
  ✓  25 [chromium] › tests/e2e/oi/oi-vpo-post.spec.ts:7:5 › ASO VPO POST flow (30.7s)
  ✘  26 [chromium] › tests/e2e/oi/oi-vpo-search.spec.ts:7:5 › ASO VPO Search flow (24.7s)
  ✘  27 [chromium] › tests/e2e/oi/oi-vpo-search.spec.ts:7:5 › ASO VPO Search flow (retry #1) (25.0s)


  1) [chromium] › tests/e2e/oi/oi-factory-post.spec.ts:7:5 › ASO Factory POST flow ─────────────────

    TimeoutError: locator.click: Timeout 15000ms exceeded.
    Call log:
    [2m  - waiting for getByRole('link', { name: 'Factories' })[22m


      22 |       name: 'Factories'
      23 |     })
    > 24 |     .click();
         |      ^
      25 |
      26 |   //
      27 |   // Wait until Factory page is loaded
        at /Users/ummarfaeeque/Projects/cbx-playwright/OI_Regression_Automation_Package/tests/e2e/oi/oi-factory-post.spec.ts:24:6

    attachment #1: screenshot (image/png) ──────────────────────────────────────────────────────────
    test-results/oi-oi-factory-post-ASO-Factory-POST-flow-chromium/test-failed-1.png
    ────────────────────────────────────────────────────────────────────────────────────────────────

    attachment #2: video (video/webm) ──────────────────────────────────────────────────────────────
    test-results/oi-oi-factory-post-ASO-Factory-POST-flow-chromium/video.webm
    ────────────────────────────────────────────────────────────────────────────────────────────────

    Error Context: test-results/oi-oi-factory-post-ASO-Factory-POST-flow-chromium/error-context.md

    Retry #1 ───────────────────────────────────────────────────────────────────────────────────────

    TimeoutError: locator.click: Timeout 15000ms exceeded.
    Call log:
    [2m  - waiting for getByRole('link', { name: 'Factories' })[22m


      22 |       name: 'Factories'
      23 |     })
    > 24 |     .click();
         |      ^
      25 |
      26 |   //
      27 |   // Wait until Factory page is loaded
        at /Users/ummarfaeeque/Projects/cbx-playwright/OI_Regression_Automation_Package/tests/e2e/oi/oi-factory-post.spec.ts:24:6

    attachment #1: screenshot (image/png) ──────────────────────────────────────────────────────────
    test-results/oi-oi-factory-post-ASO-Factory-POST-flow-chromium-retry1/test-failed-1.png
    ────────────────────────────────────────────────────────────────────────────────────────────────

    attachment #2: video (video/webm) ──────────────────────────────────────────────────────────────
    test-results/oi-oi-factory-post-ASO-Factory-POST-flow-chromium-retry1/video.webm
    ────────────────────────────────────────────────────────────────────────────────────────────────

    Error Context: test-results/oi-oi-factory-post-ASO-Factory-POST-flow-chromium-retry1/error-context.md

    attachment #4: trace (application/zip) ─────────────────────────────────────────────────────────
    test-results/oi-oi-factory-post-ASO-Factory-POST-flow-chromium-retry1/trace.zip
    Usage:

        npx playwright show-trace test-results/oi-oi-factory-post-ASO-Factory-POST-flow-chromium-retry1/trace.zip

    ────────────────────────────────────────────────────────────────────────────────────────────────

  2) [chromium] › tests/e2e/oi/oi-factory-search.spec.ts:7:5 › ASO Factory Search flow ─────────────

    TimeoutError: locator.click: Timeout 15000ms exceeded.
    Call log:
    [2m  - waiting for getByRole('link', { name: 'Factories' })[22m


      22 |       name: 'Factories'
      23 |     })
    > 24 |     .click();
         |      ^
      25 |
      26 |   //
      27 |   // Wait until Factory page is loaded
        at /Users/ummarfaeeque/Projects/cbx-playwright/OI_Regression_Automation_Package/tests/e2e/oi/oi-factory-search.spec.ts:24:6

    attachment #1: screenshot (image/png) ──────────────────────────────────────────────────────────
    test-results/oi-oi-factory-search-ASO-Factory-Search-flow-chromium/test-failed-1.png
    ────────────────────────────────────────────────────────────────────────────────────────────────

    attachment #2: video (video/webm) ──────────────────────────────────────────────────────────────
    test-results/oi-oi-factory-search-ASO-Factory-Search-flow-chromium/video.webm
    ────────────────────────────────────────────────────────────────────────────────────────────────

    Error Context: test-results/oi-oi-factory-search-ASO-Factory-Search-flow-chromium/error-context.md

    Retry #1 ───────────────────────────────────────────────────────────────────────────────────────

    TimeoutError: locator.click: Timeout 15000ms exceeded.
    Call log:
    [2m  - waiting for getByRole('link', { name: 'Factories' })[22m


      22 |       name: 'Factories'
      23 |     })
    > 24 |     .click();
         |      ^
      25 |
      26 |   //
      27 |   // Wait until Factory page is loaded
        at /Users/ummarfaeeque/Projects/cbx-playwright/OI_Regression_Automation_Package/tests/e2e/oi/oi-factory-search.spec.ts:24:6

    attachment #1: screenshot (image/png) ──────────────────────────────────────────────────────────
    test-results/oi-oi-factory-search-ASO-Factory-Search-flow-chromium-retry1/test-failed-1.png
    ────────────────────────────────────────────────────────────────────────────────────────────────

    attachment #2: video (video/webm) ──────────────────────────────────────────────────────────────
    test-results/oi-oi-factory-search-ASO-Factory-Search-flow-chromium-retry1/video.webm
    ────────────────────────────────────────────────────────────────────────────────────────────────

    Error Context: test-results/oi-oi-factory-search-ASO-Factory-Search-flow-chromium-retry1/error-context.md

    attachment #4: trace (application/zip) ─────────────────────────────────────────────────────────
    test-results/oi-oi-factory-search-ASO-Factory-Search-flow-chromium-retry1/trace.zip
    Usage:

        npx playwright show-trace test-results/oi-oi-factory-search-ASO-Factory-Search-flow-chromium-retry1/trace.zip

    ────────────────────────────────────────────────────────────────────────────────────────────────

  3) [chromium] › tests/e2e/oi/oi-forwarder-post.spec.ts:7:5 › ASO Forwarder POST flow ─────────────

    TimeoutError: locator.textContent: Timeout 15000ms exceeded.
    Call log:
    [2m  - waiting for locator('[col-id="forwarderCode"] .text-wrapper').first()[22m


      13 |       .locator('[col-id="forwarderCode"] .text-wrapper')
      14 |       .first()
    > 15 |       .textContent()
         |        ^
      16 |   )?.trim();
      17 |
      18 |   expect(forwarderCode).toBeTruthy();
        at /Users/ummarfaeeque/Projects/cbx-playwright/OI_Regression_Automation_Package/tests/e2e/oi/oi-forwarder-post.spec.ts:15:8

    attachment #1: screenshot (image/png) ──────────────────────────────────────────────────────────
    test-results/oi-oi-forwarder-post-ASO-Forwarder-POST-flow-chromium/test-failed-1.png
    ────────────────────────────────────────────────────────────────────────────────────────────────

    attachment #2: video (video/webm) ──────────────────────────────────────────────────────────────
    test-results/oi-oi-forwarder-post-ASO-Forwarder-POST-flow-chromium/video.webm
    ────────────────────────────────────────────────────────────────────────────────────────────────

    Error Context: test-results/oi-oi-forwarder-post-ASO-Forwarder-POST-flow-chromium/error-context.md

    Retry #1 ───────────────────────────────────────────────────────────────────────────────────────

    TimeoutError: locator.textContent: Timeout 15000ms exceeded.
    Call log:
    [2m  - waiting for locator('[col-id="forwarderCode"] .text-wrapper').first()[22m


      13 |       .locator('[col-id="forwarderCode"] .text-wrapper')
      14 |       .first()
    > 15 |       .textContent()
         |        ^
      16 |   )?.trim();
      17 |
      18 |   expect(forwarderCode).toBeTruthy();
        at /Users/ummarfaeeque/Projects/cbx-playwright/OI_Regression_Automation_Package/tests/e2e/oi/oi-forwarder-post.spec.ts:15:8

    attachment #1: screenshot (image/png) ──────────────────────────────────────────────────────────
    test-results/oi-oi-forwarder-post-ASO-Forwarder-POST-flow-chromium-retry1/test-failed-1.png
    ────────────────────────────────────────────────────────────────────────────────────────────────

    attachment #2: video (video/webm) ──────────────────────────────────────────────────────────────
    test-results/oi-oi-forwarder-post-ASO-Forwarder-POST-flow-chromium-retry1/video.webm
    ────────────────────────────────────────────────────────────────────────────────────────────────

    Error Context: test-results/oi-oi-forwarder-post-ASO-Forwarder-POST-flow-chromium-retry1/error-context.md

    attachment #4: trace (application/zip) ─────────────────────────────────────────────────────────
    test-results/oi-oi-forwarder-post-ASO-Forwarder-POST-flow-chromium-retry1/trace.zip
    Usage:

        npx playwright show-trace test-results/oi-oi-forwarder-post-ASO-Forwarder-POST-flow-chromium-retry1/trace.zip

    ────────────────────────────────────────────────────────────────────────────────────────────────

  4) [chromium] › tests/e2e/oi/oi-forwarder-search.spec.ts:7:5 › ASO Forwarder Search flow ─────────

    TimeoutError: locator.textContent: Timeout 15000ms exceeded.
    Call log:
    [2m  - waiting for locator('[col-id="forwarderCode"] div.text-wrapper').first()[22m


      13 |       .locator('[col-id="forwarderCode"] div.text-wrapper')
      14 |       .first()
    > 15 |       .textContent()
         |        ^
      16 |   )?.trim();
      17 |
      18 |   expect(forwarderCode).toBeTruthy();
        at /Users/ummarfaeeque/Projects/cbx-playwright/OI_Regression_Automation_Package/tests/e2e/oi/oi-forwarder-search.spec.ts:15:8

    attachment #1: screenshot (image/png) ──────────────────────────────────────────────────────────
    test-results/oi-oi-forwarder-search-ASO-Forwarder-Search-flow-chromium/test-failed-1.png
    ────────────────────────────────────────────────────────────────────────────────────────────────

    attachment #2: video (video/webm) ──────────────────────────────────────────────────────────────
    test-results/oi-oi-forwarder-search-ASO-Forwarder-Search-flow-chromium/video.webm
    ────────────────────────────────────────────────────────────────────────────────────────────────

    Error Context: test-results/oi-oi-forwarder-search-ASO-Forwarder-Search-flow-chromium/error-context.md

    Retry #1 ───────────────────────────────────────────────────────────────────────────────────────

    TimeoutError: locator.textContent: Timeout 15000ms exceeded.
    Call log:
    [2m  - waiting for locator('[col-id="forwarderCode"] div.text-wrapper').first()[22m


      13 |       .locator('[col-id="forwarderCode"] div.text-wrapper')
      14 |       .first()
    > 15 |       .textContent()
         |        ^
      16 |   )?.trim();
      17 |
      18 |   expect(forwarderCode).toBeTruthy();
        at /Users/ummarfaeeque/Projects/cbx-playwright/OI_Regression_Automation_Package/tests/e2e/oi/oi-forwarder-search.spec.ts:15:8

    attachment #1: screenshot (image/png) ──────────────────────────────────────────────────────────
    test-results/oi-oi-forwarder-search-ASO-Forwarder-Search-flow-chromium-retry1/test-failed-1.png
    ────────────────────────────────────────────────────────────────────────────────────────────────

    attachment #2: video (video/webm) ──────────────────────────────────────────────────────────────
    test-results/oi-oi-forwarder-search-ASO-Forwarder-Search-flow-chromium-retry1/video.webm
    ────────────────────────────────────────────────────────────────────────────────────────────────

    Error Context: test-results/oi-oi-forwarder-search-ASO-Forwarder-Search-flow-chromium-retry1/error-context.md

    attachment #4: trace (application/zip) ─────────────────────────────────────────────────────────
    test-results/oi-oi-forwarder-search-ASO-Forwarder-Search-flow-chromium-retry1/trace.zip
    Usage:

        npx playwright show-trace test-results/oi-oi-forwarder-search-ASO-Forwarder-Search-flow-chromium-retry1/trace.zip

    ────────────────────────────────────────────────────────────────────────────────────────────────

  5) [chromium] › tests/e2e/oi/oi-item-post.spec.ts:7:5 › ASO Item POST flow ───────────────────────

    TimeoutError: locator.hover: Timeout 15000ms exceeded.
    Call log:
    [2m  - waiting for getByRole('menuitem', { name: 'Mark as' })[22m


      77 | });
      78 |
    > 79 | await markAs.hover();
         |              ^
      80 | await page.waitForTimeout(500);
      81 | await markAs.click();
      82 |
        at /Users/ummarfaeeque/Projects/cbx-playwright/OI_Regression_Automation_Package/tests/e2e/oi/oi-item-post.spec.ts:79:14

    attachment #1: screenshot (image/png) ──────────────────────────────────────────────────────────
    test-results/oi-oi-item-post-ASO-Item-POST-flow-chromium/test-failed-1.png
    ────────────────────────────────────────────────────────────────────────────────────────────────

    attachment #2: video (video/webm) ──────────────────────────────────────────────────────────────
    test-results/oi-oi-item-post-ASO-Item-POST-flow-chromium/video.webm
    ────────────────────────────────────────────────────────────────────────────────────────────────

    Error Context: test-results/oi-oi-item-post-ASO-Item-POST-flow-chromium/error-context.md

    Retry #1 ───────────────────────────────────────────────────────────────────────────────────────

    TimeoutError: locator.click: Timeout 15000ms exceeded.
    Call log:
    [2m  - waiting for getByRole('menuitem', { name: 'Set to Active' })[22m


      85 |       name: 'Set to Active'
      86 |     })
    > 87 |     .click();
         |      ^
      88 |
      89 |   console.log('Marked Active');
      90 | });
        at /Users/ummarfaeeque/Projects/cbx-playwright/OI_Regression_Automation_Package/tests/e2e/oi/oi-item-post.spec.ts:87:6

    attachment #1: screenshot (image/png) ──────────────────────────────────────────────────────────
    test-results/oi-oi-item-post-ASO-Item-POST-flow-chromium-retry1/test-failed-1.png
    ────────────────────────────────────────────────────────────────────────────────────────────────

    attachment #2: video (video/webm) ──────────────────────────────────────────────────────────────
    test-results/oi-oi-item-post-ASO-Item-POST-flow-chromium-retry1/video.webm
    ────────────────────────────────────────────────────────────────────────────────────────────────

    Error Context: test-results/oi-oi-item-post-ASO-Item-POST-flow-chromium-retry1/error-context.md

    attachment #4: trace (application/zip) ─────────────────────────────────────────────────────────
    test-results/oi-oi-item-post-ASO-Item-POST-flow-chromium-retry1/trace.zip
    Usage:

        npx playwright show-trace test-results/oi-oi-item-post-ASO-Item-POST-flow-chromium-retry1/trace.zip

    ────────────────────────────────────────────────────────────────────────────────────────────────

  6) [chromium] › tests/e2e/oi/oi-share-file-post.spec.ts:11:5 › ASO Share File POST flow ──────────

    TimeoutError: locator.click: Timeout 15000ms exceeded.
    Call log:
    [2m  - waiting for getByRole('link', { name: 'Share Content' })[22m


      47 |       name: 'Share Content'
      48 |     })
    > 49 |     .click();
         |      ^
      50 |
      51 |   await page.mouse.move(500, 300);
      52 |
        at /Users/ummarfaeeque/Projects/cbx-playwright/OI_Regression_Automation_Package/tests/e2e/oi/oi-share-file-post.spec.ts:49:6

    attachment #1: screenshot (image/png) ──────────────────────────────────────────────────────────
    test-results/oi-oi-share-file-post-ASO-Share-File-POST-flow-chromium/test-failed-1.png
    ────────────────────────────────────────────────────────────────────────────────────────────────

    attachment #2: video (video/webm) ──────────────────────────────────────────────────────────────
    test-results/oi-oi-share-file-post-ASO-Share-File-POST-flow-chromium/video.webm
    ────────────────────────────────────────────────────────────────────────────────────────────────

    Error Context: test-results/oi-oi-share-file-post-ASO-Share-File-POST-flow-chromium/error-context.md

    Retry #1 ───────────────────────────────────────────────────────────────────────────────────────

    TimeoutError: locator.click: Timeout 15000ms exceeded.
    Call log:
    [2m  - waiting for getByRole('link', { name: 'Share Content' })[22m


      47 |       name: 'Share Content'
      48 |     })
    > 49 |     .click();
         |      ^
      50 |
      51 |   await page.mouse.move(500, 300);
      52 |
        at /Users/ummarfaeeque/Projects/cbx-playwright/OI_Regression_Automation_Package/tests/e2e/oi/oi-share-file-post.spec.ts:49:6

    attachment #1: screenshot (image/png) ──────────────────────────────────────────────────────────
    test-results/oi-oi-share-file-post-ASO-Share-File-POST-flow-chromium-retry1/test-failed-1.png
    ────────────────────────────────────────────────────────────────────────────────────────────────

    attachment #2: video (video/webm) ──────────────────────────────────────────────────────────────
    test-results/oi-oi-share-file-post-ASO-Share-File-POST-flow-chromium-retry1/video.webm
    ────────────────────────────────────────────────────────────────────────────────────────────────

    Error Context: test-results/oi-oi-share-file-post-ASO-Share-File-POST-flow-chromium-retry1/error-context.md

    attachment #4: trace (application/zip) ─────────────────────────────────────────────────────────
    test-results/oi-oi-share-file-post-ASO-Share-File-POST-flow-chromium-retry1/trace.zip
    Usage:

        npx playwright show-trace test-results/oi-oi-share-file-post-ASO-Share-File-POST-flow-chromium-retry1/trace.zip

    ────────────────────────────────────────────────────────────────────────────────────────────────

  7) [chromium] › tests/e2e/oi/oi-shipment-advice-post.spec.ts:7:5 › ASO Shipment Advice POST flow ─

    TimeoutError: locator.click: Timeout 15000ms exceeded.
    Call log:
    [2m  - waiting for locator('[col-id="shipmentAdviceNo"] a').first()[22m


      15 |     .locator('[col-id="shipmentAdviceNo"] a')
      16 |     .first()
    > 17 |     .click();
         |      ^
      18 |
      19 |   await page.waitForLoadState('networkidle');
      20 |
        at /Users/ummarfaeeque/Projects/cbx-playwright/OI_Regression_Automation_Package/tests/e2e/oi/oi-shipment-advice-post.spec.ts:17:6

    attachment #1: screenshot (image/png) ──────────────────────────────────────────────────────────
    test-results/oi-oi-shipment-advice-post-ASO-Shipment-Advice-POST-flow-chromium/test-failed-1.png
    ────────────────────────────────────────────────────────────────────────────────────────────────

    attachment #2: video (video/webm) ──────────────────────────────────────────────────────────────
    test-results/oi-oi-shipment-advice-post-ASO-Shipment-Advice-POST-flow-chromium/video.webm
    ────────────────────────────────────────────────────────────────────────────────────────────────

    Error Context: test-results/oi-oi-shipment-advice-post-ASO-Shipment-Advice-POST-flow-chromium/error-context.md

    Retry #1 ───────────────────────────────────────────────────────────────────────────────────────

    TimeoutError: locator.click: Timeout 15000ms exceeded.
    Call log:
    [2m  - waiting for locator('[col-id="shipmentAdviceNo"] a').first()[22m


      15 |     .locator('[col-id="shipmentAdviceNo"] a')
      16 |     .first()
    > 17 |     .click();
         |      ^
      18 |
      19 |   await page.waitForLoadState('networkidle');
      20 |
        at /Users/ummarfaeeque/Projects/cbx-playwright/OI_Regression_Automation_Package/tests/e2e/oi/oi-shipment-advice-post.spec.ts:17:6

    attachment #1: screenshot (image/png) ──────────────────────────────────────────────────────────
    test-results/oi-oi-shipment-advice-post-ASO-Shipment-Advice-POST-flow-chromium-retry1/test-failed-1.png
    ────────────────────────────────────────────────────────────────────────────────────────────────

    attachment #2: video (video/webm) ──────────────────────────────────────────────────────────────
    test-results/oi-oi-shipment-advice-post-ASO-Shipment-Advice-POST-flow-chromium-retry1/video.webm
    ────────────────────────────────────────────────────────────────────────────────────────────────

    Error Context: test-results/oi-oi-shipment-advice-post-ASO-Shipment-Advice-POST-flow-chromium-retry1/error-context.md

    attachment #4: trace (application/zip) ─────────────────────────────────────────────────────────
    test-results/oi-oi-shipment-advice-post-ASO-Shipment-Advice-POST-flow-chromium-retry1/trace.zip
    Usage:

        npx playwright show-trace test-results/oi-oi-shipment-advice-post-ASO-Shipment-Advice-POST-flow-chromium-retry1/trace.zip

    ────────────────────────────────────────────────────────────────────────────────────────────────

  8) [chromium] › tests/e2e/oi/oi-shipment-advice-search.spec.ts:7:5 › ASO Shipment Advice Search flow 

    TimeoutError: locator.click: Timeout 15000ms exceeded.
    Call log:
    [2m  - waiting for getByRole('link', { name: 'Shipment Advice' })[22m


      24 |       name: 'Shipment Advice'
      25 |     })
    > 26 |     .click();
         |      ^
      27 |
      28 |   await page
      29 |     .locator(
        at /Users/ummarfaeeque/Projects/cbx-playwright/OI_Regression_Automation_Package/tests/e2e/oi/oi-shipment-advice-search.spec.ts:26:6

    attachment #1: screenshot (image/png) ──────────────────────────────────────────────────────────
    test-results/oi-oi-shipment-advice-search-ASO-Shipment-Advice-Search-flow-chromium/test-failed-1.png
    ────────────────────────────────────────────────────────────────────────────────────────────────

    attachment #2: video (video/webm) ──────────────────────────────────────────────────────────────
    test-results/oi-oi-shipment-advice-search-ASO-Shipment-Advice-Search-flow-chromium/video.webm
    ────────────────────────────────────────────────────────────────────────────────────────────────

    Error Context: test-results/oi-oi-shipment-advice-search-ASO-Shipment-Advice-Search-flow-chromium/error-context.md

    Retry #1 ───────────────────────────────────────────────────────────────────────────────────────

    TimeoutError: locator.click: Timeout 15000ms exceeded.
    Call log:
    [2m  - waiting for getByRole('link', { name: 'Shipment Advice' })[22m


      24 |       name: 'Shipment Advice'
      25 |     })
    > 26 |     .click();
         |      ^
      27 |
      28 |   await page
      29 |     .locator(
        at /Users/ummarfaeeque/Projects/cbx-playwright/OI_Regression_Automation_Package/tests/e2e/oi/oi-shipment-advice-search.spec.ts:26:6

    attachment #1: screenshot (image/png) ──────────────────────────────────────────────────────────
    test-results/oi-oi-shipment-advice-search-ASO-Shipment-Advice-Search-flow-chromium-retry1/test-failed-1.png
    ────────────────────────────────────────────────────────────────────────────────────────────────

    attachment #2: video (video/webm) ──────────────────────────────────────────────────────────────
    test-results/oi-oi-shipment-advice-search-ASO-Shipment-Advice-Search-flow-chromium-retry1/video.webm
    ────────────────────────────────────────────────────────────────────────────────────────────────

    Error Context: test-results/oi-oi-shipment-advice-search-ASO-Shipment-Advice-Search-flow-chromium-retry1/error-context.md

    attachment #4: trace (application/zip) ─────────────────────────────────────────────────────────
    test-results/oi-oi-shipment-advice-search-ASO-Shipment-Advice-Search-flow-chromium-retry1/trace.zip
    Usage:

        npx playwright show-trace test-results/oi-oi-shipment-advice-search-ASO-Shipment-Advice-Search-flow-chromium-retry1/trace.zip

    ────────────────────────────────────────────────────────────────────────────────────────────────

  9) [chromium] › tests/e2e/oi/oi-vendor-post.spec.ts:7:5 › ASO Vendor POST flow ───────────────────

    TimeoutError: locator.click: Timeout 15000ms exceeded.
    Call log:
    [2m  - waiting for locator('[col-id="businessName"] a').first()[22m


      18 |     .locator('[col-id="businessName"] a')
      19 |     .first()
    > 20 |     .click();
         |      ^
      21 |
      22 |   await page.waitForLoadState('networkidle');
      23 |
        at /Users/ummarfaeeque/Projects/cbx-playwright/OI_Regression_Automation_Package/tests/e2e/oi/oi-vendor-post.spec.ts:20:6

    attachment #1: screenshot (image/png) ──────────────────────────────────────────────────────────
    test-results/oi-oi-vendor-post-ASO-Vendor-POST-flow-chromium/test-failed-1.png
    ────────────────────────────────────────────────────────────────────────────────────────────────

    attachment #2: video (video/webm) ──────────────────────────────────────────────────────────────
    test-results/oi-oi-vendor-post-ASO-Vendor-POST-flow-chromium/video.webm
    ────────────────────────────────────────────────────────────────────────────────────────────────

    Error Context: test-results/oi-oi-vendor-post-ASO-Vendor-POST-flow-chromium/error-context.md

    Retry #1 ───────────────────────────────────────────────────────────────────────────────────────

    TimeoutError: locator.click: Timeout 15000ms exceeded.
    Call log:
    [2m  - waiting for locator('[col-id="businessName"] a').first()[22m


      18 |     .locator('[col-id="businessName"] a')
      19 |     .first()
    > 20 |     .click();
         |      ^
      21 |
      22 |   await page.waitForLoadState('networkidle');
      23 |
        at /Users/ummarfaeeque/Projects/cbx-playwright/OI_Regression_Automation_Package/tests/e2e/oi/oi-vendor-post.spec.ts:20:6

    attachment #1: screenshot (image/png) ──────────────────────────────────────────────────────────
    test-results/oi-oi-vendor-post-ASO-Vendor-POST-flow-chromium-retry1/test-failed-1.png
    ────────────────────────────────────────────────────────────────────────────────────────────────

    attachment #2: video (video/webm) ──────────────────────────────────────────────────────────────
    test-results/oi-oi-vendor-post-ASO-Vendor-POST-flow-chromium-retry1/video.webm
    ────────────────────────────────────────────────────────────────────────────────────────────────

    Error Context: test-results/oi-oi-vendor-post-ASO-Vendor-POST-flow-chromium-retry1/error-context.md

    attachment #4: trace (application/zip) ─────────────────────────────────────────────────────────
    test-results/oi-oi-vendor-post-ASO-Vendor-POST-flow-chromium-retry1/trace.zip
    Usage:

        npx playwright show-trace test-results/oi-oi-vendor-post-ASO-Vendor-POST-flow-chromium-retry1/trace.zip

    ────────────────────────────────────────────────────────────────────────────────────────────────

  10) [chromium] › tests/e2e/oi/oi-vendor-search.spec.ts:7:5 › ASO Vendor Search flow ──────────────

    TimeoutError: locator.textContent: Timeout 15000ms exceeded.
    Call log:
    [2m  - waiting for getByRole('gridcell').nth(2)[22m


      19 |       .getByRole('gridcell')
      20 |       .nth(2)
    > 21 |       .textContent()
         |        ^
      22 |   )?.trim();
      23 |
      24 |   expect(supplierId).toBeTruthy();
        at /Users/ummarfaeeque/Projects/cbx-playwright/OI_Regression_Automation_Package/tests/e2e/oi/oi-vendor-search.spec.ts:21:8

    attachment #1: screenshot (image/png) ──────────────────────────────────────────────────────────
    test-results/oi-oi-vendor-search-ASO-Vendor-Search-flow-chromium/test-failed-1.png
    ────────────────────────────────────────────────────────────────────────────────────────────────

    attachment #2: video (video/webm) ──────────────────────────────────────────────────────────────
    test-results/oi-oi-vendor-search-ASO-Vendor-Search-flow-chromium/video.webm
    ────────────────────────────────────────────────────────────────────────────────────────────────

    Error Context: test-results/oi-oi-vendor-search-ASO-Vendor-Search-flow-chromium/error-context.md

    Retry #1 ───────────────────────────────────────────────────────────────────────────────────────

    TimeoutError: locator.textContent: Timeout 15000ms exceeded.
    Call log:
    [2m  - waiting for getByRole('gridcell').nth(2)[22m


      19 |       .getByRole('gridcell')
      20 |       .nth(2)
    > 21 |       .textContent()
         |        ^
      22 |   )?.trim();
      23 |
      24 |   expect(supplierId).toBeTruthy();
        at /Users/ummarfaeeque/Projects/cbx-playwright/OI_Regression_Automation_Package/tests/e2e/oi/oi-vendor-search.spec.ts:21:8

    attachment #1: screenshot (image/png) ──────────────────────────────────────────────────────────
    test-results/oi-oi-vendor-search-ASO-Vendor-Search-flow-chromium-retry1/test-failed-1.png
    ────────────────────────────────────────────────────────────────────────────────────────────────

    attachment #2: video (video/webm) ──────────────────────────────────────────────────────────────
    test-results/oi-oi-vendor-search-ASO-Vendor-Search-flow-chromium-retry1/video.webm
    ────────────────────────────────────────────────────────────────────────────────────────────────

    Error Context: test-results/oi-oi-vendor-search-ASO-Vendor-Search-flow-chromium-retry1/error-context.md

    attachment #4: trace (application/zip) ─────────────────────────────────────────────────────────
    test-results/oi-oi-vendor-search-ASO-Vendor-Search-flow-chromium-retry1/trace.zip
    Usage:

        npx playwright show-trace test-results/oi-oi-vendor-search-ASO-Vendor-Search-flow-chromium-retry1/trace.zip

    ────────────────────────────────────────────────────────────────────────────────────────────────

  11) [chromium] › tests/e2e/oi/oi-vpo-search.spec.ts:7:5 › ASO VPO Search flow ────────────────────

    Error: [2mexpect([22m[31mlocator[39m[2m).[22mtoBeVisible[2m([22m[2m)[22m failed

    Locator: getByRole('link', { name: '26IB26247_CR' })
    Expected: visible
    Timeout: 10000ms
    Error: element(s) not found

    Call log:
    [2m  - Expect "toBeVisible" with timeout 10000ms[22m
    [2m  - waiting for getByRole('link', { name: '26IB26247_CR' })[22m


      35 |       name: '26IB26247_CR'
      36 |     })
    > 37 |   ).toBeVisible();
         |     ^
      38 |
      39 |   console.log(
      40 |     'VPO search completed'
        at /Users/ummarfaeeque/Projects/cbx-playwright/OI_Regression_Automation_Package/tests/e2e/oi/oi-vpo-search.spec.ts:37:5

    attachment #1: screenshot (image/png) ──────────────────────────────────────────────────────────
    test-results/oi-oi-vpo-search-ASO-VPO-Search-flow-chromium/test-failed-1.png
    ────────────────────────────────────────────────────────────────────────────────────────────────

    attachment #2: video (video/webm) ──────────────────────────────────────────────────────────────
    test-results/oi-oi-vpo-search-ASO-VPO-Search-flow-chromium/video.webm
    ────────────────────────────────────────────────────────────────────────────────────────────────

    Error Context: test-results/oi-oi-vpo-search-ASO-VPO-Search-flow-chromium/error-context.md

    Retry #1 ───────────────────────────────────────────────────────────────────────────────────────

    Error: [2mexpect([22m[31mlocator[39m[2m).[22mtoBeVisible[2m([22m[2m)[22m failed

    Locator: getByRole('link', { name: '26IB26247_CR' })
    Expected: visible
    Timeout: 10000ms
    Error: element(s) not found

    Call log:
    [2m  - Expect "toBeVisible" with timeout 10000ms[22m
    [2m  - waiting for getByRole('link', { name: '26IB26247_CR' })[22m


      35 |       name: '26IB26247_CR'
      36 |     })
    > 37 |   ).toBeVisible();
         |     ^
      38 |
      39 |   console.log(
      40 |     'VPO search completed'
        at /Users/ummarfaeeque/Projects/cbx-playwright/OI_Regression_Automation_Package/tests/e2e/oi/oi-vpo-search.spec.ts:37:5

    attachment #1: screenshot (image/png) ──────────────────────────────────────────────────────────
    test-results/oi-oi-vpo-search-ASO-VPO-Search-flow-chromium-retry1/test-failed-1.png
    ────────────────────────────────────────────────────────────────────────────────────────────────

    attachment #2: video (video/webm) ──────────────────────────────────────────────────────────────
    test-results/oi-oi-vpo-search-ASO-VPO-Search-flow-chromium-retry1/video.webm
    ────────────────────────────────────────────────────────────────────────────────────────────────

    Error Context: test-results/oi-oi-vpo-search-ASO-VPO-Search-flow-chromium-retry1/error-context.md

    attachment #4: trace (application/zip) ─────────────────────────────────────────────────────────
    test-results/oi-oi-vpo-search-ASO-VPO-Search-flow-chromium-retry1/trace.zip
    Usage:

        npx playwright show-trace test-results/oi-oi-vpo-search-ASO-VPO-Search-flow-chromium-retry1/trace.zip

    ────────────────────────────────────────────────────────────────────────────────────────────────

  11 failed
    [chromium] › tests/e2e/oi/oi-factory-post.spec.ts:7:5 › ASO Factory POST flow ──────────────────
    [chromium] › tests/e2e/oi/oi-factory-search.spec.ts:7:5 › ASO Factory Search flow ──────────────
    [chromium] › tests/e2e/oi/oi-forwarder-post.spec.ts:7:5 › ASO Forwarder POST flow ──────────────
    [chromium] › tests/e2e/oi/oi-forwarder-search.spec.ts:7:5 › ASO Forwarder Search flow ──────────
    [chromium] › tests/e2e/oi/oi-item-post.spec.ts:7:5 › ASO Item POST flow ────────────────────────
    [chromium] › tests/e2e/oi/oi-share-file-post.spec.ts:11:5 › ASO Share File POST flow ───────────
    [chromium] › tests/e2e/oi/oi-shipment-advice-post.spec.ts:7:5 › ASO Shipment Advice POST flow ──
    [chromium] › tests/e2e/oi/oi-shipment-advice-search.spec.ts:7:5 › ASO Shipment Advice Search flow 
    [chromium] › tests/e2e/oi/oi-vendor-post.spec.ts:7:5 › ASO Vendor POST flow ────────────────────
    [chromium] › tests/e2e/oi/oi-vendor-search.spec.ts:7:5 › ASO Vendor Search flow ────────────────
    [chromium] › tests/e2e/oi/oi-vpo-search.spec.ts:7:5 › ASO VPO Search flow ──────────────────────
  5 passed (8.5m)

To open last HTML report run:
[36m[39m
[36m  npx playwright show-report[39m
[36m[39m
